../Core/Src/main.c:33:6:get_sine_arr	16	static
../Core/Src/main.c:124:5:main	144	static
../Core/Src/main.c:246:6:SystemClock_Config	232	static
../Core/Src/main.c:303:13:MX_DAC1_Init	48	static
../Core/Src/main.c:344:13:MX_DFSDM1_Init	8	static
../Core/Src/main.c:397:13:MX_TIM2_Init	40	static
../Core/Src/main.c:442:13:MX_USART1_UART_Init	8	static
../Core/Src/main.c:475:13:MX_DMA_Init	16	static
../Core/Src/main.c:496:13:MX_GPIO_Init	48	static
../Core/Src/main.c:719:6:HAL_DFSDM_FilterRegConvHalfCpltCallback	16	static
../Core/Src/main.c:733:6:HAL_DFSDM_FilterRegConvCpltCallback	24	static
../Core/Src/main.c:750:5:_write	24	static
../Core/Src/main.c:764:6:StartTask1_init	80	static
../Core/Src/main.c:855:6:StartTask2_init	40	static
../Core/Src/main.c:925:6:StartTask3_init	24	static
../Core/Src/main.c:959:6:HAL_TIM_PeriodElapsedCallback	16	static
../Core/Src/main.c:976:6:Error_Handler	4	static,ignoring_inline_asm
